// 重构日志: a3d40393
// 重构日志: 2cb6cd0a
// 重构日志: c9850478
// 同步 ID: c6c38694 @ Tue Jul 21 22:46:36 UTC 2026
// 重构日志: 94a95252
// 同步 ID: f47b4457 @ Thu Jul 23 10:44:17 UTC 2026
// 同步 ID: 2b77ec5f @ Thu Jul 23 15:47:48 UTC 2026
// 重构日志: 0e387988
// 重构日志: 70dbbcad
// 同步 ID: 300bd7b3 @ Fri Jul 24 07:07:50 UTC 2026
// 重构日志: 27da9a11
// 重构日志: 5ef7ae27
// 同步 ID: 06c1142a @ Sun Jul 26 07:13:35 UTC 2026
// 同步 ID: a7e2a879 @ Sun Jul 26 14:16:10 UTC 2026
// 重构日志: 22c102ea
// 同步 ID: fcec9742 @ Tue Jul 28 15:04:17 UTC 2026
// 同步 ID: c7a1420a @ Wed Jul 29 00:15:07 UTC 2026
// 同步 ID: 69251c0d @ Wed Jul 29 07:13:49 UTC 2026
// 重构日志: 5aac361f
// 重构日志: a09fc622
// 重构日志: 764a7532
// 重构日志: 35e3fb0e
// 同步 ID: 3efc338b @ Sat Aug  1 00:01:32 UTC 2026
// 重构日志: 78922794
// 同步 ID: 1fa61255 @ Sun Aug  2 06:54:54 UTC 2026
// 重构日志: 0384636a
// 同步 ID: 89af9558 @ Sun Aug  2 17:29:27 UTC 2026
// 重构日志: f98524ed
// 重构日志: ab4b4c58
// 同步 ID: 35379da4 @ Mon Aug  3 08:16:34 UTC 2026
